
action: challenges
challenges:
  - description: ""
    poi_id: krynn_blood_arena
    poi_name: "Blood Arena"
    at_this_arena: true
    requires: []
    locked: false
    rules: {max_side_size: 0}
    enemies: [{name: "Pirate Scout", ship_class: pirate_scout, ship_class_name: Fighter, count: 1, is_boss: false}]
    wins: 0
    challenge_id: lone_scout
    name: "Lone Scout"
    series: Pirates
    stage: 1
  - description: ""
    poi_id: krynn_blood_arena
    poi_name: "Blood Arena"
    at_this_arena: true
    requires: [lone_scout]
    locked: true
    rules: {max_side_size: 0}
    enemies: [{name: "Pirate Raider", ship_class: pirate_raider, ship_class_name: Fighter, count: 2, is_boss: false}]
    wins: 0
    challenge_id: raider_squad
    name: "Raider Squad"
    series: Pirates
    stage: 2
  - description: ""
    poi_id: krynn_blood_arena
    poi_name: "Blood Arena"
    at_this_arena: true
    requires: [first_blood]
    locked: false
    rules: {max_side_size: 1, allowed_damage_types: [energy]}
    enemies: [{name: "Ring Cleaver", ship_class: ring_cleaver, ship_class_name: Fighter, count: 1, is_boss: false}]
    wins: 0
    challenge_id: clean_fight
    name: "Clean Fight"
    series: "Clean Fight"
    stage: 1
  - description: "Armor doctrine: kinetic and explosive answer it; EM hardeners do not."
    poi_id: krynn_blood_arena
    poi_name: "Blood Arena"
    at_this_arena: true
    requires: []
    locked: false
    rules: {max_side_size: 0}
    enemies: [{name: "Armor Column", ship_class: armor_column, ship_class_name: Cruiser, count: 1, is_boss: true}]
    wins: 0
    challenge_id: armor_column
    name: "Armor Column"
    series: Doctrine
    stage: 1
