
action: challenges
challenges:
  - description: ""
    poi_id: krynn_blood_arena
    poi_name: "Blood Arena"
    at_this_arena: true
    requires: []
    locked: false
    rules: {max_side_size: 1}
    enemies: [{name: "Ring Cleaver", ship_class: ring_cleaver, ship_class_name: Fighter, count: 1, is_boss: false}]
    wins: 3
    challenge_id: first_blood
    name: "First Blood"
    series: "Blood Arena"
    stage: 1
  - description: ""
    poi_id: krynn_blood_arena
    poi_name: "Blood Arena"
    at_this_arena: true
    requires: []
    locked: false
    rules: {max_side_size: 1}
    enemies: [{name: "Ring Cleaver", ship_class: ring_cleaver, ship_class_name: Fighter, count: 2, is_boss: false}]
    wins: 0
    challenge_id: two_on_one
    name: "Two on One"
    series: "Blood Arena"
    stage: 2
  - description: ""
    poi_id: krynn_blood_arena
    poi_name: "Blood Arena"
    at_this_arena: true
    requires: [two_on_one]
    locked: true
    rules: {max_side_size: 1}
    enemies: [{name: "Ring Cleaver", ship_class: ring_cleaver, ship_class_name: Fighter, count: 1, is_boss: false}]
    wins: 0
    challenge_id: trial_master
    name: "The Trial Master"
    series: "Blood Arena"
    stage: 3
  - description: ""
    poi_id: krynn_blood_arena
    poi_name: "Blood Arena"
    at_this_arena: true
    requires: [trial_master]
    locked: true
    rules: {max_side_size: 1}
    enemies: [{name: "Ring Cleaver", ship_class: ring_cleaver, ship_class_name: Fighter, count: 1, is_boss: false}]
    wins: 0
    challenge_id: gravemaker
    name: Gravemaker
    series: "Blood Arena"
    stage: 4
  - description: ""
    poi_id: krynn_blood_arena
    poi_name: "Blood Arena"
    at_this_arena: true
    requires: [first_blood]
    locked: true
    rules: {max_side_size: 1}
    enemies: [{name: "Ring Cleaver", ship_class: ring_cleaver, ship_class_name: Fighter, count: 1, is_boss: false}]
    wins: 0
    challenge_id: haulers_gauntlet
    name: "Hauler's Gauntlet"
    series: "Hauler's Gauntlet"
    stage: 1
  - description: ""
    poi_id: krynn_blood_arena
    poi_name: "Blood Arena"
    at_this_arena: true
    requires: [first_blood]
    locked: true
    rules: {max_side_size: 1}
    enemies: [{name: "Ring Cleaver", ship_class: ring_cleaver, ship_class_name: Fighter, count: 1, is_boss: false}]
    wins: 0
    challenge_id: clean_fight
    name: "Clean Fight"
    series: "Clean Fight"
    stage: 1
  - description: ""
    poi_id: krynn_blood_arena
    poi_name: "Blood Arena"
    at_this_arena: true
    requires: [first_blood]
    locked: true
    rules: {max_side_size: 1}
    enemies: [{name: "Ring Cleaver", ship_class: ring_cleaver, ship_class_name: Fighter, count: 1, is_boss: false}]
    wins: 0
    challenge_id: ten_shards
    name: "Ten Shards"
    series: "The Swarm"
    stage: 1
  - description: ""
    poi_id: krynn_blood_arena
    poi_name: "Blood Arena"
    at_this_arena: true
    requires: [ten_shards]
    locked: true
    rules: {max_side_size: 1}
    enemies: [{name: "Ring Cleaver", ship_class: ring_cleaver, ship_class_name: Fighter, count: 1, is_boss: false}]
    wins: 0
    challenge_id: twenty_shards
    name: "Twenty Shards"
    series: "The Swarm"
    stage: 2
  - description: ""
    poi_id: krynn_blood_arena
    poi_name: "Blood Arena"
    at_this_arena: true
    requires: [twenty_shards]
    locked: true
    rules: {max_side_size: 1}
    enemies: [{name: "Ring Cleaver", ship_class: ring_cleaver, ship_class_name: Fighter, count: 1, is_boss: false}]
    wins: 0
    challenge_id: thirty_shards
    name: "Thirty Shards"
    series: "The Swarm"
    stage: 3
  - description: ""
    poi_id: krynn_blood_arena
    poi_name: "Blood Arena"
    at_this_arena: true
    requires: [thirty_shards]
    locked: true
    rules: {max_side_size: 1}
    enemies: [{name: "Ring Cleaver", ship_class: ring_cleaver, ship_class_name: Fighter, count: 1, is_boss: false}]
    wins: 0
    challenge_id: forty_shards
    name: "Forty Shards"
    series: "The Swarm"
    stage: 4
  - description: ""
    poi_id: krynn_blood_arena
    poi_name: "Blood Arena"
    at_this_arena: true
    requires: [forty_shards]
    locked: true
    rules: {max_side_size: 1}
    enemies: [{name: "Ring Cleaver", ship_class: ring_cleaver, ship_class_name: Fighter, count: 1, is_boss: false}]
    wins: 0
    challenge_id: fifty_shards
    name: "Fifty Shards"
    series: "The Swarm"
    stage: 5
  - description: ""
    poi_id: krynn_blood_arena
    poi_name: "Blood Arena"
    at_this_arena: true
    requires: [fifty_shards]
    locked: true
    rules: {max_side_size: 1}
    enemies: [{name: "Ring Cleaver", ship_class: ring_cleaver, ship_class_name: Fighter, count: 1, is_boss: false}]
    wins: 0
    challenge_id: sixty_shards
    name: "Sixty Shards"
    series: "The Swarm"
    stage: 6
  - description: ""
    poi_id: krynn_blood_arena
    poi_name: "Blood Arena"
    at_this_arena: true
    requires: [sixty_shards]
    locked: true
    rules: {max_side_size: 1}
    enemies: [{name: "Ring Cleaver", ship_class: ring_cleaver, ship_class_name: Fighter, count: 1, is_boss: false}]
    wins: 0
    challenge_id: seventy_shards
    name: "Seventy Shards"
    series: "The Swarm"
    stage: 7
  - description: ""
    poi_id: krynn_blood_arena
    poi_name: "Blood Arena"
    at_this_arena: true
    requires: [seventy_shards]
    locked: true
    rules: {max_side_size: 1}
    enemies: [{name: "Ring Cleaver", ship_class: ring_cleaver, ship_class_name: Fighter, count: 1, is_boss: false}]
    wins: 0
    challenge_id: eighty_shards
    name: "Eighty Shards"
    series: "The Swarm"
    stage: 8
  - description: ""
    poi_id: krynn_blood_arena
    poi_name: "Blood Arena"
    at_this_arena: true
    requires: [eighty_shards]
    locked: true
    rules: {max_side_size: 1}
    enemies: [{name: "Ring Cleaver", ship_class: ring_cleaver, ship_class_name: Fighter, count: 1, is_boss: false}]
    wins: 0
    challenge_id: ninety_shards
    name: "Ninety Shards"
    series: "The Swarm"
    stage: 9
  - description: ""
    poi_id: krynn_blood_arena
    poi_name: "Blood Arena"
    at_this_arena: true
    requires: [ninety_shards]
    locked: true
    rules: {max_side_size: 1}
    enemies: [{name: "Ring Cleaver", ship_class: ring_cleaver, ship_class_name: Fighter, count: 1, is_boss: false}]
    wins: 0
    challenge_id: the_century
    name: "The Century"
    series: "The Swarm"
    stage: 10
