{
  "items": [
    {
      "base_value": 120,
      "category": "ore",
      "compression": "ore",
      "description": "A charged crystal used in high-energy systems.",
      "extracted_by": "mining",
      "id": "energy_crystal",
      "mining_group": "crystal",
      "name": "Energy Crystal",
      "rarity": "rare",
      "size": 1,
      "stackable": true,
      "tradeable": true
    }
  ],
  "message": "Items: showing 1 of 1",
  "page": 1,
  "page_size": 20,
  "total": 1,
  "total_pages": 1,
  "type": "items"
}
