
origin: nebula
citizenships: []
empires:
  - empire_name: Solarian
    empire_id: solarian
    is_citizen: true
    open: true
    exclusive: false
    auto_approve: false
    fee: 1000
    min_balance: 5000
    min_reputation: 10
    your_reputation: 12
    eligible: true
  - empire_name: Crimson
    empire_id: crimson
    is_citizen: false
    open: true
    exclusive: true
    auto_approve: false
    fee: 2500
    min_balance: 10000
    min_reputation: 20
    your_reputation: 8
    eligible: false
    ineligible_reason: "reputation too low"
