
details:
  message: "Commission created."
  commission_id: "commission-1"
  ship_class: prospector
  ship_name: "Lucky Strike"
  status: pending
  credits_paid: 16700
  credits_left: 5000
  bare_hull: false
  source_missing_materials: true
  build_time: 18
  labor_cost: 3000
  material_cost: 8000
  sourcing_material_cost: 4000
  yard_margin: 1500
  sales_tax: 200
  materials_supplied:
    - item_id: hull_plate
      name: "Hull Plate"
      quantity: 40
      size: 2
  materials_to_source:
    - item_id: circuit_board
      name: "Circuit Board"
      quantity: 20
      size: 1
  auto_docked: true
  auto_undocked: false
player:
  username: Marlowe
  credits: 5000
