
=== Commission Quote ===
Commission quote ready.
Ship: Prospector (prospector)
Shipyard tier: 2/1
Bare hull: no
Source missing materials: no
Build time: 48 ticks
Materials: 70,000 cr
Labor: 40,000 cr
Yard fee: 15,000 cr
Credits-only total: 125,000 cr
Provide-materials total: 45,000 cr
Your credits: 200,000 cr
Can commission: yes
Credits-only available: yes
Afford credits-only: yes
Afford provide-materials: yes
Afford partial-sourcing: no

=== Build Materials ===

  Item          | Qty | Size
  --------------+-----+-----
  Hull Plate    | 40  | 2   
  Circuit Board | 20  | 1   
