{
  "details": {
    "action": "queue",
    "jobs": [
      {
        "job_id": "craft-job-1",
        "recipe": "Refine Steel",
        "mode": "craft",
        "runs_done": 2,
        "runs_remaining": 8,
        "runs_total": 10,
        "produces": [
          {
            "item_id": "steel_plate",
            "name": "Steel Plate",
            "quantity": 10
          }
        ],
        "deliver_to": "faction:Workshop",
        "venue": "Station Workshop",
        "facility_id": "workshop:player-1:nova_terra_central",
        "eta_ticks": 14,
        "status": "running",
        "position": 0
      },
      {
        "job_id": "recycle-job-1",
        "recipe": "Recycle Power Cell",
        "mode": "recycle",
        "runs_done": 0,
        "runs_remaining": 3,
        "runs_total": 3,
        "produces": [
          {
            "item_id": "circuit_board",
            "name": "Circuit Board",
            "quantity": 3
          }
        ],
        "deliver_to": "storage",
        "venue": "Faction Recycler",
        "facility_id": "recycler-facility-1",
        "eta_ticks": 9,
        "status": "queued",
        "position": 1
      },
      {
        "job_id": "legacy-job-1",
        "recipe": "Build Power Cell",
        "mode": "craft",
        "runs_done": 0,
        "runs_remaining": 1,
        "runs_total": 1,
        "produces": [
          {
            "item_id": "power_cell",
            "name": "Power Cell",
            "quantity": 1
          }
        ],
        "venue": "Station Workshop",
        "facility_id": "workshop:player-1:nova_terra_central",
        "eta_ticks": 3,
        "status": "queued",
        "position": 2
      }
    ],
    "total_jobs": 3
  }
}
