{
  "action": "faction_list",
  "base_id": "earth_station",
  "faction_id": "faction-1",
  "faction_facilities": [
    {
      "facility_id": "faction-smelter",
      "type": "alloy_smelter",
      "name": "Alloy Smelter",
      "custom_name": "Alloy One",
      "level": 1,
      "faction_service": "production",
      "rent_per_cycle": 1200,
      "status": "active",
      "damaged": false
    },
    {
      "facility_id": "faction-bunker",
      "type": "fuel_bunker",
      "name": "Faction Fuel Bunker",
      "level": 2,
      "faction_service": "fuel",
      "rent_per_cycle": 800,
      "status": "damaged",
      "damaged": true,
      "repair_complete_tick": 901412
    },
    {
      "facility_id": "faction-yard",
      "type": "faction_shipyard_berth",
      "name": "Shipyard Berth",
      "level": 1,
      "faction_service": "shipyard",
      "rent_per_cycle": 1200,
      "status": "under_construction",
      "ticks_until_complete": 12
    }
  ],
  "faction_storage": {
    "credits": 50000,
    "item_types": 14,
    "rooms": 3
  },
  "hint": "Damaged facilities produce nothing. A station rebuilds its own faction's facilities automatically from that faction's storage at the station; use facility repair for a facility it will not rebuild, or to jump the queue."
}
