{
  "station_count": 2,
  "total_ships": 2,
  "stations": [
    {
      "base_id": "nova_terra_central",
      "base_name": "Nova Terra Central",
      "system_name": "Sol",
      "used": 1,
      "capacity": 4,
      "ships": [
        {
          "ship_id": "ship-garage",
          "class_id": "prospector",
          "class_name": "Prospector",
          "custom_name": "Rock Skipper",
          "depositor_id": "player-1",
          "depositor_name": "Ibis",
          "deposited_tick": 12050
        }
      ]
    },
    {
      "base_id": "alpha_centauri_colonial_station",
      "base_name": "Alpha Centauri Colonial Station",
      "system_name": "Alpha Centauri",
      "used": 1,
      "capacity": 2,
      "ships": [
        {
          "ship_id": "ship-garaged-1",
          "class_id": "deep_survey",
          "class_name": "Deep Survey",
          "custom_name": "Claim Candidate",
          "depositor_id": "player-2",
          "depositor_name": "Fabrini",
          "deposited_tick": 12100
        }
      ]
    }
  ]
}
