
=== Battle ===
ID: battle-1
System: sol
Participant: yes
Tick Duration: 30

Combat State:
Can Escape: yes
Flee Progress: 0/3
Effective Speed: 40
Weapon Reach: 1 zone
Warp Disrupted: no
Intercepted: no
Incapacitated: no
Intercepting: no
Latch: shields_holding (keep shields down)
Webbed: no
EM Disrupted: no

=== Sides ===

  Side | Faction | Players
  -----+---------+--------
  1    | SMC     | 1      
  2    |         | 0      

=== Participants ===

  Name          | ID            | Side | Kind     | NPC | Ship                    | Zone    | Distance | Stance | Target   | Hull | Shield
  --------------+---------------+------+----------+-----+-------------------------+---------+----------+--------+----------+------+-------
  Marlowe       | player-1      | 1    | player   | no  | Prospector (prospector) | engaged | 0        | board  | pirate-1 | 82%  | 40%   
  Pirate Skiff  | pirate-1      | 2    | pirate   | yes | skiff                   | engaged | 0        |        |          |      | 55%   
  Pilot Whale   | creature-1    | 2    | creature | yes |                         |         |          |        |          |      |       
  Earth Station | station-earth | 1    | station  | yes |                         | engaged |          |        |          | 97%  | 80%   

=== Boarding ===

  ID          | Phase    | Progress | Attacker | Target  
  ------------+----------+----------+----------+---------
  board-latch | latching | closing  | player-1 | pirate-1
