{
  "battle_id": "battle-77",
  "status": "completed",
  "total_ticks": 9,
  "has_more": false,
  "entries": [
    {
      "tick": 4,
      "arena": true,
      "kills": [
        {
          "victim_id": "player-77",
          "killer_id": "player-1"
        }
      ],
      "boarding": [
        {
          "operation_id": "board-1",
          "event": "withdrawn",
          "phase": "withdrawing",
          "actor_id": "player-1",
          "target_id": "pirate-1",
          "reason": "closing_stalled"
        }
      ]
    },
    {
      "tick": 6,
      "arena": true,
      "boarding": [
        {
          "operation_id": "board-2",
          "event": "boarding_rejected",
          "phase": "latching",
          "actor_id": "player-1",
          "target_id": "drone-3",
          "reason": "target_not_boardable"
        }
      ]
    }
  ]
}
