
message: "Active missions"
missions:
  active:
    - difficulty: 2
      expires_in_ticks: 17
      issuing_base: "Markab Rescue Station"
      mission_id: "mission-distress-combatdummy6"
      objectives: [{description: "Rescue CombatDummy6", progress: {current: 0, required: 1}, target: {name: CombatDummy6, system_id: markab}, type: distress_rescue}]
      rewards: {credits: 0, skill_xp: {piloting: 25}}
      title: "Distress Call: CombatDummy6"
      type: distress
    - difficulty: 3
      expires_in_ticks: 22
      issuing_base: "Electra Rescue Station"
      mission_id: "mission-distress-wealthyminer2023"
      objectives: [{description: "Rescue WealthyMiner2023", progress: {current: 0, required: 1}, target: {name: WealthyMiner2023, system_id: electra}, type: distress_rescue}]
      rewards: {skill_xp: {piloting: 50}}
      title: "Distress Call: WealthyMiner2023"
      type: distress
    - accepted_at: 2026-06-18T21:15:00Z
      description: "Deliver faction supplies to the contract issuer."
      difficulty: 2
      expires_in_ticks: 31
      issuing_base: "Earth Station"
      issuing_base_id: earth_station
      mission_id: "mission-faction-delivery-1"
      objectives: [{completed: false, current: 0, description: "Deliver Food Rations", item_id: food_rations, required: 5, target_base: earth_station, type: deliver_item}]
      percent_complete: 0
      rewards: {credits: 1200, reputation: 2}
      title: "Faction Supply Delivery"
      type: delivery
  max_missions: 5
