{
  "battle_id": "battle-42",
  "status": "completed",
  "total_ticks": 14,
  "has_more": false,
  "entries": [
    {
      "tick": 0,
      "attacks": [
        {
          "attacker_id": "player-1",
          "target_id": "pirate-1",
          "hit_success": true,
          "final_damage": 420,
          "hull_damage": 120,
          "shield_damage": 300,
          "damage_type": "kinetic",
          "landed_damage": 500,
          "hit_chance": 0.65,
          "zone_distance": 0,
          "raw_damage": 500,
          "weapon_skill_pct": 0,
          "weapons": [
            {
              "instance_id": "w-pulse",
              "name": "Pulse Laser",
              "base_damage": 500,
              "after_disruption": 500,
              "type_bonus_pct": 0,
              "crit_chance": 0.05,
              "crit_roll": 0.5,
              "crit_fired": false,
              "damage": 500,
              "damage_type": "kinetic",
              "hit_chance": 0.65,
              "hit_roll": 0.2,
              "hit_success": true
            }
          ],
          "defense_components": [
            {
              "weapon_instance_id": "w-pulse",
              "weapon_name": "Pulse Laser",
              "damage_type": "kinetic",
              "incoming_damage": 500,
              "shield_resist_pct": 6,
              "after_shield_resist": 470,
              "type_resist_pct": 3,
              "after_type_resist": 455,
              "flat_reduction_pct": 3,
              "after_flat_reduction": 440,
              "shield_bypass_pct": 0,
              "armor_bypass_pct": 0,
              "ignore_all_defense": false,
              "final_damage": 440,
              "shield_damage": 300,
              "hull_damage": 120
            }
          ]
        }
      ],
      "burns": [],
      "flee": []
    },
    {
      "tick": 1,
      "attacks": [
        {
          "attacker_id": "pirate-1",
          "target_id": "player-1",
          "hit_success": false,
          "final_damage": 0,
          "hit_chance": 0.12,
          "landed_damage": 0,
          "zone_distance": 0,
          "raw_damage": 200,
          "weapon_skill_pct": 0,
          "damage_type": "kinetic",
          "shield_damage": 0,
          "hull_damage": 0,
          "weapons": [
            {
              "instance_id": "w-scatter",
              "name": "Scatter Cannon",
              "base_damage": 200,
              "after_disruption": 200,
              "type_bonus_pct": 0,
              "crit_chance": 0.05,
              "crit_roll": 0.5,
              "crit_fired": false,
              "damage": 0,
              "damage_type": "kinetic",
              "hit_chance": 0.12,
              "hit_roll": 0.81
            }
          ]
        },
        {
          "attacker_id": "player-1",
          "target_id": "pirate-1",
          "hit_success": true,
          "final_damage": 520,
          "shield_damage": 340,
          "hull_damage": 180,
          "landed_damage": 600,
          "hit_chance": 0.65,
          "zone_distance": 0,
          "raw_damage": 600,
          "weapon_skill_pct": 0,
          "damage_type": "energy",
          "weapons": [
            {
              "instance_id": "w-rail",
              "name": "Railgun",
              "base_damage": 400,
              "after_disruption": 400,
              "type_bonus_pct": 0,
              "crit_chance": 0.05,
              "crit_roll": 0.5,
              "crit_fired": false,
              "damage": 400,
              "damage_type": "energy",
              "hit_chance": 0.65,
              "hit_roll": 0.2,
              "hit_success": true
            },
            {
              "instance_id": "w-cannon",
              "name": "Pulse Cannon",
              "base_damage": 200,
              "after_disruption": 200,
              "type_bonus_pct": 0,
              "crit_chance": 0.05,
              "crit_roll": 0.5,
              "crit_fired": false,
              "damage": 200,
              "damage_type": "kinetic",
              "hit_chance": 0.65,
              "hit_roll": 0.3,
              "hit_success": true
            },
            {
              "instance_id": "w-mining",
              "name": "Mining Laser",
              "base_damage": 150,
              "after_disruption": 150,
              "type_bonus_pct": 0,
              "crit_chance": 0.05,
              "crit_roll": 0.5,
              "crit_fired": false,
              "damage": 0,
              "damage_type": "kinetic",
              "hit_chance": 0.35,
              "hit_roll": 0.61
            }
          ],
          "defense_components": [
            {
              "weapon_instance_id": "w-rail",
              "weapon_name": "Railgun",
              "damage_type": "energy",
              "incoming_damage": 400,
              "shield_resist_pct": 5,
              "after_shield_resist": 380,
              "type_resist_pct": 5,
              "after_type_resist": 360,
              "flat_reduction_pct": 3,
              "after_flat_reduction": 350,
              "shield_bypass_pct": 0,
              "armor_bypass_pct": 0,
              "ignore_all_defense": false,
              "final_damage": 350,
              "shield_damage": 200,
              "hull_damage": 150
            },
            {
              "weapon_instance_id": "w-cannon",
              "weapon_name": "Pulse Cannon",
              "damage_type": "kinetic",
              "incoming_damage": 200,
              "shield_resist_pct": 5,
              "after_shield_resist": 190,
              "type_resist_pct": 5,
              "after_type_resist": 180,
              "flat_reduction_pct": 6,
              "after_flat_reduction": 170,
              "shield_bypass_pct": 0,
              "armor_bypass_pct": 0,
              "ignore_all_defense": false,
              "final_damage": 170,
              "shield_damage": 140,
              "hull_damage": 30
            }
          ]
        }
      ],
      "burns": [
        {
          "target_id": "pirate-1",
          "damage": 20,
          "ticks_remaining": 2
        }
      ],
      "flee": [],
      "kills": [
        {
          "victim_id": "pirate-1",
          "killer_id": "player-1"
        }
      ],
      "battle_ended": {
        "outcome": "side_1_victory",
        "winning_side": 1,
        "total_damage": 8420
      }
    }
  ]
}
