
=== Tax Estimate ===
Collection active: true
Inactivity exempt: false
Outstanding bounties:
  solarian: 125 cr
Payment guidance: Use pay_bounty with empire=solarian and source=self to clear the full 125-credit bounty remotely. prepay_tax does not clear existing debt.
Taxable income: 42,000 cr
Market sales: 30,000 cr
Cost of goods deducted: 18,000 cr
Taxable market income: 12,000 cr
Market loss carryforward: 2,500 cr
Income tax: solarian owed 210 cr (gross 210 cr, credit 0 cr, rate 5%, brackets 0-50,000 @ 5% (42,000 cr income, 210 cr tax))
Income tax total: 210 cr
Assessed property: 125,000 cr
Property tax: solarian owed 625 cr (assessed 125,000 cr, rate 0.5%)
Property tax total: 625 cr
Tax prepaid: 150 cr
Sales tax rates: solarian 1% (citizen rate), voidborn 2.5% (foreign rate)
Income by source: market 30,000 cr, missions 12,000 cr
Property by ship: ship-1 125,000 cr
Last assessed: 2026-05-28 00:00 UTC
Last property assessed: 2026-05-28 00:00 UTC
Next assessment approx: 3600s
Estimate only.

=== Latest Weekly Statement ===
Period started: 2026-09-07 00:00 UTC
Assessed at: 2026-09-14 00:00 UTC
Tick: 60,480
Preview: false
Inactivity exempt: false
Income gross: 40,000 cr
Income by category: market 28,000 cr, mission 12,000 cr
Market purchases: 16,000 cr
Previous loss carryforward: 2,000 cr
Market deduction: 18,000 cr
Next loss carryforward: 0 cr
Taxable income: 22,000 cr
Property value: 120,000 cr
Ships: ship-1 120,000 cr
Income: solarian owed 110 cr, paid 110 cr, unpaid 0 cr (gross 110 cr, credit 0 cr, rate 5%, brackets 0-50,000 @ 5% (22,000 cr income, 110 cr tax))
Property: solarian owed 600 cr, paid 600 cr, unpaid 0 cr (rate 0.5%)
Paid from prepaid: 150 cr
Paid from wallet: 560 cr
Refund: 0 cr
Total owed: 710 cr
Total paid: 710 cr
Total unpaid: 0 cr
