
=== Battle Summary ===
ID: battle-77
System: Krynn (krynn)
Status: completed
Category: arena
Arena match: knockouts restore ships, drones, and personnel on the spot; no kill, loss, capture or casualty stats. Ammo, fuel, and consumables stay spent.
Outcome: victory
Winning Side: 1
Start Tick: 900200
Duration: 9 ticks
Participants: 2
Total Damage: 2100
Ships Knocked Out: 1
Ships Captured: 0
Players: Marlowe, Kestrel
Knocked out: Kestrel

=== Sides ===

  Side | Faction | Participants
  -----+---------+-------------
  1    |         | Marlowe     
  2    |         | Kestrel     
