{
  "count": 7,
  "current_tick": 901810,
  "remaining": 0,
  "timestamp": 1779564100,
  "notifications": [
    {
      "id": "notif-ship-captured-1",
      "type": "combat",
      "msg_type": "ship_captured",
      "timestamp": "2026-05-23T19:12:00.000Z",
      "data": {
        "battle_id": "battle-42",
        "tick": 901800,
        "boarding_operation_id": "board-1",
        "captor_id": "player-1",
        "captor_username": "Marlowe",
        "former_owner_id": "pirate-1",
        "former_owner_username": "Corsair-7",
        "ship_id": "ship-skiff-1",
        "ship_class": "skiff"
      }
    },
    {
      "id": "notif-prize-stall-1",
      "type": "prize",
      "msg_type": "prize_update",
      "timestamp": "2026-05-23T19:12:05.000Z",
      "data": {
        "prize_id": "prize-1",
        "ship_id": "ship-recover-1",
        "ship_class": "frigate",
        "ship_name": "Captured Lark",
        "status": "in_transit",
        "wait_reason": "no_fuel",
        "destination_base_id": "earth_station",
        "system_id": "sol",
        "poi_id": "sol_cloudbank",
        "message": "Prize recovery stopped: fuel empty"
      }
    },
    {
      "id": "notif-prize-delivered-1",
      "type": "prize",
      "msg_type": "prize_update",
      "timestamp": "2026-05-23T19:12:10.000Z",
      "data": {
        "prize_id": "prize-1",
        "ship_id": "ship-recover-1",
        "ship_class": "frigate",
        "ship_name": "Captured Lark",
        "status": "delivered",
        "destination_base_id": "earth_station",
        "message": "Prize delivered to storage"
      }
    },
    {
      "id": "notif-prize-destroyed-1",
      "type": "prize",
      "msg_type": "prize_update",
      "timestamp": "2026-05-23T19:12:15.000Z",
      "data": {
        "prize_id": "prize-1",
        "ship_id": "ship-recover-1",
        "ship_class": "frigate",
        "ship_name": "Captured Lark",
        "status": "destroyed",
        "wreck_id": "wreck-9",
        "system_id": "sol",
        "poi_id": "sol_cloudbank",
        "message": "Prize hull destroyed"
      }
    },
    {
      "id": "notif-prize-available-1",
      "type": "prize",
      "msg_type": "prize_update",
      "timestamp": "2026-05-23T19:12:20.000Z",
      "data": {
        "prize_id": "prize-2",
        "ship_id": "ship-claim-1",
        "ship_class": "skiff",
        "ship_name": "Open Prize",
        "status": "available",
        "message": "Prize is available to claim"
      }
    },
    {
      "id": "notif-prize-expired-1",
      "type": "prize",
      "msg_type": "prize_update",
      "timestamp": "2026-05-23T19:12:25.000Z",
      "data": {
        "prize_id": "prize-3",
        "ship_id": "ship-expired-1",
        "ship_class": "frigate",
        "ship_name": "Timed Out",
        "status": "expired",
        "wreck_id": "wreck-expired-1",
        "system_id": "sol",
        "poi_id": "sol_cloudbank",
        "message": "Prize claim window expired"
      }
    },
    {
      "id": "notif-prize-recaptured-1",
      "type": "prize",
      "msg_type": "prize_update",
      "timestamp": "2026-05-23T19:12:30.000Z",
      "data": {
        "prize_id": "prize-4",
        "ship_id": "ship-recap-1",
        "ship_class": "frigate",
        "ship_name": "Lost Lark",
        "status": "recaptured",
        "message": "Prize was recaptured"
      }
    }
  ]
}
