
=== Battle Summary ===
ID: battle-99
System: Sol (sol)
Status: completed
Category: wildlife
Wildlife hunt: creatures have hull and armor but no shields; kills drop carcass wrecks. Wildlife never dogpiles. Most creatures flee when badly hurt; some apex never flee.
Outcome: victory
Winning Side: 1
Start Tick: 900300
Duration: 6 ticks
Participants: 2
Total Damage: 1800
Destroyed: 1
Ships Captured: 0
Players: Marlowe, Pilot Whale
Killed: Pilot Whale

=== Sides ===

  Side | Faction | Participants
  -----+---------+-------------
  1    |         | Marlowe     
  2    |         | Pilot Whale 
