{
  "kind": "normal",
  "poi": {
    "id": "sol_earth",
    "name": "Earth",
    "type": "station",
    "system_id": "sol",
    "description": "Orbital station above Earth",
    "class": "major",
    "base_id": "earth_station"
  },
  "base": {
    "id": "earth_station",
    "poi_id": "sol_earth",
    "name": "Earth Station",
    "type": "station",
    "description": "A busy trade hub.",
    "empire": "Terran",
    "fuel": 500,
    "max_fuel": 1000,
    "hull": 900,
    "max_hull": 1000,
    "shield": 200,
    "max_shield": 300,
    "armor": 50,
    "weapon_dps": 40,
    "weapon_reach": 2,
    "public_access": true
  }
}
