{
  "count": 3,
  "current_tick": 902800,
  "remaining": 0,
  "timestamp": 1779569000,
  "notifications": [
    {
      "id": "notif-emergency-1",
      "type": "chat",
      "msg_type": "chat_message",
      "timestamp": "2026-05-23T19:56:00.000Z",
      "data": {
        "channel": "emergency",
        "sender": "Phoenix",
        "content": "MAYDAY: Phoenix is stranded at Sol Asteroid Belt in Sol with 0/120 fuel! Any pilots nearby, please help!",
        "distress_type": "fuel",
        "mission_id": "a3f9c21e8b04",
        "system": "Sol"
      }
    },
    {
      "id": "notif-emergency-empty-id-1",
      "type": "chat",
      "msg_type": "chat_message",
      "timestamp": "2026-05-23T19:56:05.000Z",
      "data": {
        "channel": "emergency",
        "sender": "Phoenix",
        "content": "MAYDAY: hull critical at Alfirk Gate.",
        "distress_type": "repair",
        "mission_id": "",
        "system": "Alfirk"
      }
    },
    {
      "id": "notif-emergency-omitted-1",
      "type": "chat",
      "msg_type": "chat_message",
      "timestamp": "2026-05-23T19:56:10.000Z",
      "data": {
        "channel": "emergency",
        "sender": "Marlowe",
        "content": "MAYDAY: need fuel."
      }
    }
  ]
}
