
category: all
has_more: false
page: 1
page_size: 50
total: 4
total_pages: 1
entries:
  - id: 201
    created_at: 2026-09-03T10:00:00.000Z
    summary: "Hired 4 crew and 2 marines at Earth Station."
    category: ship
    event_type: ship.recruit_personnel
    data: {crew_recruited: 4, marines_recruited: 2, cost: 900, base_id: earth_station, base_name: "Earth Station"}
  - id: 202
    created_at: 2026-09-03T10:05:00.000Z
    summary: "Treated 3 crew and 1 marine at Earth Station infirmary."
    category: ship
    event_type: ship.treat_personnel
    data: {crew_treated: 3, marines_treated: 1, cost: 125, source: station, base_id: earth_station, base_name: "Earth Station"}
  - id: 203
    created_at: 2026-09-03T10:10:00.000Z
    summary: "Captured Pirate Skiff intact."
    category: combat
    event_type: combat.ship_captured
    data: {ship_id: "ship-skiff-7", ship_class: skiff, insurance_voided: false, battle_id: "battle-42", boarding_operation_id: "board-1"}
  - id: 204
    created_at: 2026-09-03T10:12:00.000Z
    summary: "Lost Prospector to boarding capture; insurance voided."
    category: combat
    event_type: combat.ship_lost_to_capture
    data: {ship_id: "ship-42", ship_class: prospector, insurance_voided: true, battle_id: "battle-42", boarding_operation_id: "board-2"}
