
message: "Location retrieved"
credits: 12345
location:
  system_id: sol
  system_name: Sol
  empire: Terran
  security_status: "high security"
  connections:
    - alpha_centauri
  poi_id: sol_earth
  poi_name: Earth
  poi_type: planet
  docked_at: earth_station
  nearby_player_count: 1
  nearby_players:
    - username: Marlowe
      faction_tag: SMC
      ship_class: prospector
  nearby_prizes:
    - prize_id: "prize-dust-1"
      actor_id: "actor-prize-1"
      ship_id: "ship-prize-1"
      ship_class: frigate
      ship_name: "Dust Devil"
      status: available
      hull: 40
      max_hull: 80
      shield: 10
      max_shield: 20
      in_combat: false
  nearby_prize_count: 1
  nearby_pirate_count: 1
  nearby_pirates:
    - pirate_id: "pirate-raider-1"
      name: Raider
      tier: skiff
      is_boss: false
      status: hostile
      hull: 40
      max_hull: 50
      shield: 10
      max_shield: 20
      faction: pirate_kael
      faction_name: "Admiral Kael"
      primary_color: #c45a2a
      secondary_color: #1a1a1a
  nearby_empire_npc_count: 1
  nearby_empire_npcs:
    - name: Patrol
