{
  "base_id": "earth_station",
  "base_name": "Earth Station",
  "missions": [
    {
      "difficulty": 2,
      "mission_id": "community_ore_drive",
      "title": "Community Ore Drive",
      "type": "delivery",
      "description": "Contribute iron ore to the faction stockpile.",
      "expires_in_ticks": 72,
      "community": true,
      "community_percent": 12.5,
      "community_progress": {
        "ore_iron": "90/720"
      },
      "rewards": {
        "credits": 100
      },
      "objectives": [
        {
          "type": "deliver_item",
          "description": "Deliver 50 iron ore",
          "item_id": "ore_iron",
          "quantity": 50
        }
      ]
    }
  ]
}
