
id: boarding_claws_ii
kind: catalog
source: catalog
catalog:
  type: items
  items:
    - id: boarding_claws_ii
      type_id: boarding_claws_ii
      type: utility
      slot: utility
      name: "Boarding Claws II"
      description: "Latch onto a hostile hull and hold a corridor for marine teams."
      size: 12
      base_value: 18500
      cpu_usage: 8
      power_usage: 14
      crew_capacity_bonus: 2
      marine_capacity_bonus: 4
      latch_strength: 3
      latch_resistance: 1
      boarding_defense_bonus_pct: 15
      crew_combat_bonus_pct: 5
      marine_combat_bonus_pct: 10
      medical_treatment_rate: 2
      fleet_triage_pct: 8
      boarding_capability: true
      boarding_contact_defense: true
      remote_medical_treatment: true
  page: 1
  page_size: 20
  total: 1
  total_pages: 1
  message: "Items: showing 1 of 1"
