{
  "id": "crafting",
  "kind": "catalog",
  "source": "catalog",
  "catalog": {
    "type": "skills",
    "items": [
      {
        "id": "crafting",
        "name": "Crafting",
        "description": "Manufacturing expertise. Your higher of Crafting and Refining sets Station Workshop speed: x1 at level 0 up to x5 at level 100. Facility jobs run at the facility's tier speed and ignore skill.",
        "category": "Industry",
        "max_level": 100,
        "xp_per_level": [
          60,
          165,
          340
        ],
        "training_source": "Craft items at a station."
      }
    ],
    "page": 1,
    "page_size": 20,
    "total": 1,
    "total_pages": 1,
    "message": "Skills: showing 1 of 1"
  }
}
