
=== Inspect: package:pkg_abc ===
Kind: package
Source: cargo

Package: Main Belt Survey Supplies
ID: pkg_abc
Size: 100
Created: 2026-07-16T12:00:00Z
Owner: PilotOne (player)
Creator: PilotOne / Survey Corps [SRV]

=== Contents ===

  Name       | Item       | Qty | Size
  -----------+------------+-----+-----
  Iron Ore   | iron_ore   | 20  | 20  
  Copper Ore | copper_ore | 10  | 10  

Shipment
Contract: shipment-pkg-1
Status: in_transit
Role: carrier
Destination: Nova Central (Nova)
Late: no
Ticks to deadline: 28 ticks
Ticks to recovery deadline: 2,908 ticks
Payout if delivered now: 12,000 cr
Base reward: 12,000 cr
Failure debt: 500 cr
