
=== Inspect: comet ===
Kind: catalog
Source: catalog

Catalog (ships)
Ships: showing 1 of 1

=== Entry ===

  Name  | ID    | Class | Tier | Empire
  ------+-------+-------+------+-------
  Comet | comet | Liner | 4    | nebula

Details
Nebula's most exclusive liner — every berth a first-class suite, every crossing made at the fastest pace the galaxy allows. Built for passengers whose time is the most expensive thing aboard.
Class: Liner
Tier: 4
Scale: 4
Empire: nebula
Hull: 700
Shield: 700 (+12/tick)
Armor: 20
Speed: 6
Fuel: 900
Cargo: 200
CPU: 55
Power: 150
Slots: 0 weapon, 4 defense, 5 utility
Shipyard tier: 3
Build time: 16000
Default loadout: shield_booster_iii, shield_booster_iii, ship_scanner_ii
Achievement: galactic_concierge
Lock: Locked: prestige hull reserved for pilots who have earned the "Galactic Concierge" achievement.
Capabilities: passenger_first_berths 48, fuel_efficiency_bonus 50, passenger_dining_points 3, passenger_leisure_points 8, passenger_comfort 40
Build materials: 24x jump_coil, 12x life_support_array, 1200x titanium_alloy, 200x durasteel_plate, 150x thruster_nozzle, 400x life_support_unit, 12x station_reactor_core, 300x fuel_tank, 30x capital_ship_frame, 60x engine_core, 200x navigation_core, 16x navigation_array, ... and 3 more
Page 1/1 (1 total)
