
=== Inspect: package:pkg_freight ===
Kind: package
Source: cargo

Package: Sealed Reactor Parts
ID: pkg_freight
Size: 50
Created: 2026-07-26T12:00:00Z
Owner: PilotOne (player)
Creator: PilotOne / Survey Corps [SRV]

Shipment
Contract: shipment-transit-1
Status: in_transit
Role: carrier
Destination: Nova Central / centauri (nova_central)
Base reward: 12,500 cr
Payout if delivered now: 12,500 cr
Failure debt: 33,000 cr
Ticks to deadline: 40 ticks
Ticks to recovery deadline: 2,920 ticks
Late: no

=== Contents ===

  Name          | Item          | Qty | Size
  --------------+---------------+-----+-----
  Reactor Parts | reactor_parts | 1   | 50  
