
details:
  action: jump
  poi_id: procyon_a
  poi: "Procyon A"
  online_players: []
  online_players_count: 0
  online_players_truncated: false
  offline_collapsed: 0
  message: "Jumped to Procyon."
  xp_gained:
    navigation: 3
    piloting: 6
ship:
  fuel: 72
  max_fuel: 100
location:
  system_id: procyon
  system_name: Procyon
  poi_id: procyon_a
  poi_name: "Procyon A"
missions:
  active:
    - difficulty: 2
      expires_in_ticks: 28
      issuing_base: "Earth Station"
      mission_id: "mission-survey-local-1"
      objectives: [{description: "Visit listed systems in any order", progress: {current: 2, required: 3}, target: {name: Procyon, system_id: procyon}, type: visit_system}]
      rewards: {credits: 800, skill_xp: {scanning: 15}}
      title: "Local Sector Survey"
      type: survey
  max_missions: 5
