{
  "details": {
    "action": "reload",
    "mode": "bulk",
    "summary": {
      "total": 2,
      "succeeded": 2,
      "failed": 0
    },
    "results": [
      {
        "index": 0,
        "weapon_id": "weapon-1",
        "success": true,
        "result": {
          "action": "reload",
          "weapon_name": "Pulse Laser",
          "weapon_id": "weapon-1",
          "ammo_name": "Laser Cell",
          "ammo_id": "ammo-cell",
          "current_ammo": 8,
          "magazine_size": 8,
          "rounds_discarded": 2,
          "previous_ammo": "empty"
        }
      },
      {
        "index": 1,
        "weapon_id": "weapon-2",
        "success": true,
        "result": {
          "action": "reload",
          "weapon_name": "Scrapgun",
          "weapon_id": "weapon-2",
          "ammo_name": "Scrap",
          "ammo_id": "scrap_metal",
          "current_ammo": 1,
          "magazine_size": 1,
          "rounds_discarded": 0
        }
      }
    ]
  }
}
