{
  "action": "view_storage",
  "base_id": "earth_station",
  "hint": "12 items in storage at earth_station",
  "items": [
    {
      "item_id": "fuel_cell",
      "name": "Fuel Cell",
      "quantity": 12,
      "size": 1
    }
  ],
  "ships": [
    {
      "ship_id": "ship-1",
      "class_id": "prospector",
      "class_name": "Prospector",
      "modules": 3,
      "cargo_used": 10
    }
  ],
  "locations": [
    {
      "base_id": "earth_station",
      "base_name": "Earth Station",
      "system": "sol",
      "system_name": "Sol",
      "item_count": 12,
      "ship_count": 1
    }
  ],
  "gifts": [
    {
      "sender": "Ada",
      "sender_id": "player-ada",
      "timestamp": "2026-09-23T14:05:00Z",
      "credits": 1500,
      "message": "for the fuel",
      "items": [
        {
          "item_id": "fuel_cell",
          "name": "Fuel Cell",
          "quantity": 12
        }
      ]
    },
    {
      "sender": "Bo",
      "sender_id": "player-bo",
      "timestamp": "2026-09-23T15:10:00Z",
      "ships": [
        {
          "ship_id": "ship-9",
          "class_id": "prospector",
          "class_name": "Prospector",
          "custom_name": "Rock Skipper"
        }
      ]
    },
    {
      "sender": "Cleo",
      "sender_id": "player-cleo",
      "timestamp": "2026-09-23T16:00:00Z",
      "credits": 40
    }
  ]
}
