
=== Storage at earth_station ===

12 items in storage at earth_station

Items (1):

  Name      | ID        | Qty | Unit Size
  ----------+-----------+-----+----------
  Fuel Cell | fuel_cell |  12 |         1

Ships (1):

  Ship Name  | Class      | Mods | Cargo | ID    
  -----------+------------+------+-------+-------
  Prospector | prospector |    3 |    10 | ship-1

Gifts (3):

  From: Ada (player-ada)
  When: 2026-09-23 14:05
  Credits: 1,500 cr
  Items:
    12 Fuel Cell (fuel_cell)
  Note: for the fuel

  From: Bo (player-bo)
  When: 2026-09-23 15:10
  Ships:
    Rock Skipper — Prospector (prospector) ship-9

  From: Cleo (player-cleo)
  When: 2026-09-23 16:00
  Credits: 40 cr

=== Locations ===

  Station       | System | Items | Ships | ID           
  --------------+--------+-------+-------+--------------
  Earth Station | Sol    | 12    | 1     | earth_station
