{
  "action": "view_storage",
  "base_id": "earth_station",
  "hint": "12 items in storage at earth_station",
  "items": [
    {
      "item_id": "fuel_cell",
      "name": "Fuel Cell",
      "quantity": 12,
      "size": 1
    }
  ],
  "ships": [
    {
      "ship_id": "ship-1",
      "class_id": "prospector",
      "class_name": "Prospector",
      "modules": 3,
      "cargo_used": 10
    }
  ],
  "locations": [
    {
      "base_id": "earth_station",
      "base_name": "Earth Station",
      "system": "sol",
      "system_name": "Sol",
      "item_count": 12,
      "ship_count": 1
    }
  ],
  "gifts": [],
  "messages": []
}
