{
  "details": {
    "action": "bulk_deposit",
    "requested": 2,
    "succeeded": 1,
    "failed": 1,
    "target": "station:grand_exchange_station",
    "results": [
      {
        "item_id": "steel_plate",
        "quantity": 20,
        "success": true,
        "result": {
          "action": "send_gift",
          "recipient": "station:grand_exchange_station",
          "base_id": "grand_exchange_station",
          "source": "cargo",
          "item_id": "steel_plate",
          "quantity": 20,
          "cargo_remaining": 80
        },
        "message": "Donated 20 steel plates without payment."
      },
      {
        "item_id": "quest_token",
        "quantity": 1,
        "success": false,
        "error": "Quest items cannot be donated to a station."
      }
    ]
  }
}
