{
  "details": {
    "system_id": "sol",
    "system_name": "Sol",
    "survey_power": 18,
    "message": "Survey complete. Hidden deposits resolved.",
    "anomaly_hint": "A faint resonance west of the belt.",
    "bloom_status": "active",
    "bloom_intensity": 0.8,
    "newly_revealed": [
      {
        "id": "sol_kaiser_vein",
        "name": "Kaiser Vein",
        "type": "asteroid_belt",
        "description": "A dense iron-gold plug beneath the main belt.",
        "resources": [
          {
            "resource_id": "ore_iron",
            "name": "Iron Ore",
            "richness": 3,
            "remaining": 120,
            "remaining_display": "120 units",
            "max_remaining": 300,
            "depletion_percent": 60,
            "supported_power": 6,
            "lock_minimum_stock": 200
          },
          {
            "resource_id": "ore_gold",
            "name": "Gold Ore",
            "richness": 1,
            "remaining": 74,
            "remaining_display": "74 units",
            "max_remaining": 300,
            "depletion_percent": 75.33333333333333,
            "supported_power": 3,
            "lock_minimum_stock": 200,
            "too_sparse": true
          },
          {
            "resource_id": "ore_copper",
            "name": "Copper Ore",
            "richness": 2,
            "remaining": 0,
            "remaining_display": "depleted",
            "max_remaining": 300,
            "depletion_percent": 100,
            "lock_minimum_stock": 200,
            "too_sparse": true
          }
        ]
      }
    ],
    "already_revealed": [
      {
        "id": "sol_outer_cache",
        "name": "Outer Belt Cache",
        "type": "asteroid_belt",
        "resources": [
          {
            "resource_id": "ore_iron",
            "name": "Iron Ore",
            "richness": 3,
            "remaining": 750,
            "remaining_display": "750 units",
            "max_remaining": 1000,
            "depletion_percent": 25,
            "supported_power": 12
          }
        ]
      }
    ],
    "faint_signatures": [
      {
        "type": "deep_core",
        "hint": "Need more survey power",
        "difficulty": "24"
      }
    ],
    "wildlife": [
      {
        "species": "ember_grazer",
        "name": "Ember Grazer",
        "role": "grazer",
        "estimate": 42,
        "abundance": "common",
        "ranched": 0
      },
      {
        "species": "molt_leviathan",
        "name": "Molt Leviathan",
        "role": "predator",
        "estimate": 1,
        "abundance": "rare"
      }
    ],
    "xp_gained": {
      "scanning": 12,
      "deep_core_mining": 8
    }
  },
  "location": {
    "system_id": "sol",
    "system_name": "Sol",
    "poi_id": "sol_asteroid_belt",
    "poi_name": "Sol Asteroid Belt"
  },
  "skills": {
    "scanning": {
      "name": "Scanning",
      "category": "Exploration",
      "level": 7,
      "max_level": 100,
      "xp": 900
    }
  }
}
